exports[`test Expenses snapshot test 1`] = `
<div>
  <NavBar />
  <div
    className="section no-pad-bot"
    id="index-banner">
    <div
      className="container">
      <br />
      <br />
      <h1
        className="header center orange-text">
        Expenses page
      </h1>
      <div
        className="row center">
        <h5
          className="header col s12 light">
          This is your personal best finance advisor app
          <br />
          in the world.
        </h5>
      </div>
      <div
        className="row center">
        <a
          className="btn-large waves-effect waves-light orange"
          href="#"
          id="download-button">
          Learn more...
        </a>
      </div>
    </div>
  </div>
</div>
`;
